[2026-05-23T16:01:21Z] === refresh_packets start ===
[2026-05-23T16:01:40Z] check returned: 1 reporters
[2026-05-23T16:01:40Z] building packets/NVDA_2026-05-20.md ...
[2026-05-23T16:01:44Z]   built packets/NVDA_2026-05-20.md
[2026-05-23T16:01:44Z] wrote packets/index.json (1 entries)
[main 954bc74] refresh packets: 2026-05-23T16:01Z
 Committer: Jano Mini <admin@ciframini.local>
Your name and email address were configured automatically based
on your username and hostname. Please check that they are accurate.
You can suppress this message by setting them explicitly:

    git config --global user.name "Your Name"
    git config --global user.email you@example.com

After doing this, you may fix the identity used for this commit with:

    git commit --amend --reset-author

 3 files changed, 105 insertions(+)
 create mode 100644 packets/.gitkeep
 create mode 100644 packets/NVDA_2026-05-20.md
 create mode 100644 packets/index.json
To https://github.com/jancifra/stockagent.git
   4ce6049..954bc74  main -> main
[2026-05-23T16:01:46Z] pushed updates (954bc74 refresh packets: 2026-05-23T16:01Z)
[2026-05-23T16:01:46Z] === refresh_packets done ===
